0: TOKEN: K_WHILE    LEXEME: WHILE
1: TOKEN: T_IDENT    LEXEME: a
RULE: Factor ::= T_IDENT
2: TOKEN: OP_RELATION LEXEME: #
RULE: Term ::= Factor
RULE: SimpleExpression ::= Term
3: TOKEN: T_IDENT    LEXEME: b
RULE: Factor ::= T_IDENT
4: TOKEN: K_DO       LEXEME: DO
RULE: Term ::= Factor
RULE: SimpleExpression ::= Term
RULE: Expression ::= SimpleExpression
RULE: Expression ::= SimpleExpression OP_RELATION Expression
6: TOKEN: K_IF       LEXEME: IF
7: TOKEN: T_IDENT    LEXEME: a
RULE: Factor ::= T_IDENT
8: TOKEN: OP_RELATION LEXEME: >
RULE: Term ::= Factor
RULE: SimpleExpression ::= Term
9: TOKEN: T_IDENT    LEXEME: b
RULE: Factor ::= T_IDENT
10: TOKEN: K_THEN     LEXEME: THEN
RULE: Term ::= Factor
RULE: SimpleExpression ::= Term
RULE: Expression ::= SimpleExpression
RULE: Expression ::= SimpleExpression OP_RELATION Expression
12: TOKEN: T_IDENT    LEXEME: a
13: TOKEN: OP_ASSIGN  LEXEME: :=
14: TOKEN: T_IDENT    LEXEME: a
RULE: Factor ::= T_IDENT
15: TOKEN: OP_ADD     LEXEME: -
RULE: Term ::= Factor
16: TOKEN: T_IDENT    LEXEME: b
RULE: Factor ::= T_IDENT
18: TOKEN: K_ELSE     LEXEME: ELSE
RULE: Term ::= Factor
RULE: SimpleExpression ::= Term
RULE: SimpleExpression ::= Term OP_ADD SimpleExpression
RULE: Expression ::= SimpleExpression
RULE: Assignment ::= identifier := Expression
RULE: Statement ::= Assignment
RULE: StatementSequence ::= Statement
20: TOKEN: T_IDENT    LEXEME: b
21: TOKEN: OP_ASSIGN  LEXEME: :=
22: TOKEN: T_IDENT    LEXEME: b
RULE: Factor ::= T_IDENT
23: TOKEN: OP_ADD     LEXEME: -
RULE: Term ::= Factor
24: TOKEN: T_IDENT    LEXEME: a
RULE: Factor ::= T_IDENT
26: TOKEN: K_END      LEXEME: END
RULE: Term ::= Factor
RULE: SimpleExpression ::= Term
RULE: SimpleExpression ::= Term OP_ADD SimpleExpression
RULE: Expression ::= SimpleExpression
RULE: Assignment ::= identifier := Expression
RULE: Statement ::= Assignment
RULE: StatementSequence ::= Statement
RULE: IfStatement ::= IF Expression THEN StatementSequence ELSE StatementSequence END
RULE: Statement ::= IfStatement
28: TOKEN: K_END      LEXEME: END
RULE: StatementSequence ::= Statement
RULE: WhileStatement ::= WHILE Expression DO StatementSequence END
RULE: Statement ::= WhileStatement
29: TOKEN: K_SC       LEXEME: ;
31: TOKEN: K_WRITE    LEXEME: WRITE
32: TOKEN: K_LPAREN   LEXEME: (
33: TOKEN: T_STRING   LEXEME: "Hello"
RULE: Factor ::= T_STRING
34: TOKEN: OP_ADD     LEXEME: &
RULE: Term ::= Factor
36: TOKEN: T_STRING   LEXEME: "World!"
RULE: Factor ::= T_STRING
37: TOKEN: K_RPAREN   LEXEME: )
RULE: Term ::= Factor
RULE: SimpleExpression ::= Term
RULE: SimpleExpression ::= Term OP_ADD SimpleExpression
RULE: Expression ::= SimpleExpression
RULE: WriteStatement ::= WRITE ( Expression )
RULE: Statement ::= WriteStatement
RULE: StatementSequence ::= Statement
RULE: StatementSequence ::= Statement ; StatementSequence
VALID
